04-23 11:32:19.718 11223 11244 I TestRunner: started: grid_list_content_at_first_position(com.example.dogglers.GridListTests)
04-23 11:32:19.722 11223 11244 W Settings: Setting always_finish_activities has moved from android.provider.Settings.System to android.provider.Settings.Global, returning read-only value.
04-23 11:32:19.734   993  1085 D SplashScreenView: Build android.window.SplashScreenView{4f5515f V.E...... ......ID 0,0-0,0}
04-23 11:32:19.734   993  1085 D SplashScreenView: Icon: view: null drawable: null size: 0
04-23 11:32:19.734   993  1085 D SplashScreenView: Branding: view: android.view.View{9b8c7ac G.ED..... ......I. 0,0-0,0 #10204db android:id/splashscreen_branding_view} drawable: null size w: 0 h: 0
04-23 11:32:19.752 11223 11223 D LifecycleMonitor: Lifecycle status change: androidx.test.core.app.InstrumentationActivityInvoker$BootstrapActivity@85ce1ff in: PRE_ON_CREATE
04-23 11:32:19.753 11223 11223 V ActivityScenario: Activity lifecycle changed event received but ignored because the intent does not match. startActivityIntent=Intent { act=android.intent.action.MAIN cat=[android.intent.category.LAUNCHER] cmp=com.example.dogglers/.GridListActivity }, activity.getIntent()=Intent { act=android.intent.action.MAIN cat=[android.intent.category.LAUNCHER] flg=0x10008000 cmp=com.example.dogglers/androidx.test.core.app.InstrumentationActivityInvoker$BootstrapActivity (has extras) }, activity=androidx.test.core.app.InstrumentationActivityInvoker$BootstrapActivity@85ce1ff
04-23 11:32:19.761 11223 11223 D LifecycleMonitor: Lifecycle status change: androidx.test.core.app.InstrumentationActivityInvoker$BootstrapActivity@85ce1ff in: CREATED
04-23 11:32:19.762 11223 11223 V ActivityScenario: Activity lifecycle changed event received but ignored because the intent does not match. startActivityIntent=Intent { act=android.intent.action.MAIN cat=[android.intent.category.LAUNCHER] cmp=com.example.dogglers/.GridListActivity }, activity.getIntent()=Intent { act=android.intent.action.MAIN cat=[android.intent.category.LAUNCHER] flg=0x10008000 cmp=com.example.dogglers/androidx.test.core.app.InstrumentationActivityInvoker$BootstrapActivity (has extras) }, activity=androidx.test.core.app.InstrumentationActivityInvoker$BootstrapActivity@85ce1ff
04-23 11:32:19.763 11223 11223 D LifecycleMonitor: Lifecycle status change: androidx.test.core.app.InstrumentationActivityInvoker$BootstrapActivity@85ce1ff in: STARTED
04-23 11:32:19.764 11223 11223 V ActivityScenario: Activity lifecycle changed event received but ignored because the intent does not match. startActivityIntent=Intent { act=android.intent.action.MAIN cat=[android.intent.category.LAUNCHER] cmp=com.example.dogglers/.GridListActivity }, activity.getIntent()=Intent { act=android.intent.action.MAIN cat=[android.intent.category.LAUNCHER] flg=0x10008000 cmp=com.example.dogglers/androidx.test.core.app.InstrumentationActivityInvoker$BootstrapActivity (has extras) }, activity=androidx.test.core.app.InstrumentationActivityInvoker$BootstrapActivity@85ce1ff
04-23 11:32:19.769 11223 11223 D LifecycleMonitor: Lifecycle status change: androidx.test.core.app.InstrumentationActivityInvoker$BootstrapActivity@85ce1ff in: RESUMED
04-23 11:32:19.769 11223 11223 V ActivityScenario: Activity lifecycle changed event received but ignored because the intent does not match. startActivityIntent=Intent { act=android.intent.action.MAIN cat=[android.intent.category.LAUNCHER] cmp=com.example.dogglers/.GridListActivity }, activity.getIntent()=Intent { act=android.intent.action.MAIN cat=[android.intent.category.LAUNCHER] flg=0x10008000 cmp=com.example.dogglers/androidx.test.core.app.InstrumentationActivityInvoker$BootstrapActivity (has extras) }, activity=androidx.test.core.app.InstrumentationActivityInvoker$BootstrapActivity@85ce1ff
04-23 11:32:19.771 11223 11223 D LifecycleMonitor: Lifecycle status change: androidx.test.core.app.InstrumentationActivityInvoker$BootstrapActivity@85ce1ff in: PAUSED
04-23 11:32:19.771 11223 11223 V ActivityScenario: Activity lifecycle changed event received but ignored because the intent does not match. startActivityIntent=Intent { act=android.intent.action.MAIN cat=[android.intent.category.LAUNCHER] cmp=com.example.dogglers/.GridListActivity }, activity.getIntent()=Intent { act=android.intent.action.MAIN cat=[android.intent.category.LAUNCHER] flg=0x10008000 cmp=com.example.dogglers/androidx.test.core.app.InstrumentationActivityInvoker$BootstrapActivity (has extras) }, activity=androidx.test.core.app.InstrumentationActivityInvoker$BootstrapActivity@85ce1ff
04-23 11:32:19.786 11223 11223 D LifecycleMonitor: Lifecycle status change: com.example.dogglers.GridListActivity@e6f0acd in: PRE_ON_CREATE
04-23 11:32:19.787 11223 11223 V ActivityScenario: Activity lifecycle changed event received but ignored because the reported transition was not ON_CREATE while the last known transition was PRE_ON_CREATE
04-23 11:32:19.789   438   485 W TransactionTracing: Could not find layer id -1
04-23 11:32:19.789   438   485 W TransactionTracing: Could not find layer id -1
04-23 11:32:19.789   438   485 W TransactionTracing: Could not find layer id -1
04-23 11:32:19.789   438   485 W TransactionTracing: Could not find layer id -1
04-23 11:32:19.789   438   485 W TransactionTracing: Could not find layer id -1
04-23 11:32:19.804 11223 11223 D LifecycleMonitor: Lifecycle status change: com.example.dogglers.GridListActivity@e6f0acd in: CREATED
04-23 11:32:19.805 11223 11223 V ActivityScenario: Update currentActivityStage to CREATED, currentActivity=com.example.dogglers.GridListActivity@e6f0acd
04-23 11:32:19.807 11223 11223 D LifecycleMonitor: Lifecycle status change: com.example.dogglers.GridListActivity@e6f0acd in: STARTED
04-23 11:32:19.807 11223 11223 V ActivityScenario: Update currentActivityStage to STARTED, currentActivity=com.example.dogglers.GridListActivity@e6f0acd
04-23 11:32:19.809 11223 11223 D LifecycleMonitor: Lifecycle status change: com.example.dogglers.GridListActivity@e6f0acd in: RESUMED
04-23 11:32:19.810 11223 11223 V ActivityScenario: Update currentActivityStage to RESUMED, currentActivity=com.example.dogglers.GridListActivity@e6f0acd
04-23 11:32:19.814   993  1085 D SplashScreenView: Build android.window.SplashScreenView{367e52d V.E...... ......ID 0,0-0,0}
04-23 11:32:19.814   993  1085 D SplashScreenView: Icon: view: null drawable: null size: 0
04-23 11:32:19.814   993  1085 D SplashScreenView: Branding: view: android.view.View{8de7a62 G.ED..... ......I. 0,0-0,0 #10204db android:id/splashscreen_branding_view} drawable: null size w: 0 h: 0
04-23 11:32:19.822 11223 11223 D LifecycleMonitor: Lifecycle status change: androidx.test.core.app.InstrumentationActivityInvoker$BootstrapActivity@85ce1ff in: STOPPED
04-23 11:32:19.822 11223 11223 V ActivityScenario: Activity lifecycle changed event received but ignored because the intent does not match. startActivityIntent=Intent { act=android.intent.action.MAIN cat=[android.intent.category.LAUNCHER] cmp=com.example.dogglers/.GridListActivity }, activity.getIntent()=Intent { act=android.intent.action.MAIN cat=[android.intent.category.LAUNCHER] flg=0x10008000 cmp=com.example.dogglers/androidx.test.core.app.InstrumentationActivityInvoker$BootstrapActivity (has extras) }, activity=androidx.test.core.app.InstrumentationActivityInvoker$BootstrapActivity@85ce1ff
04-23 11:32:19.838   415   447 D goldfish-address-space: claimShared: Ask to claim region [0x3eb0a8000 0x3eba8c000]
04-23 11:32:19.841   415   447 D goldfish-address-space: claimShared: Ask to claim region [0x3ec000000 0x3ec9e4000]
04-23 11:32:19.843   415   447 D goldfish-address-space: claimShared: Ask to claim region [0x3f0000000 0x3f09e4000]
04-23 11:32:19.856   438   485 W TransactionTracing: Could not find layer id -1
04-23 11:32:19.909   415   447 D goldfish-address-space: claimShared: Ask to claim region [0x3f09e4000 0x3f13c8000]
04-23 11:32:19.912   415   447 D goldfish-address-space: claimShared: Ask to claim region [0x3f13c8000 0x3f1dac000]
04-23 11:32:19.913   415   415 D goldfish-address-space: claimShared: Ask to claim region [0x3f1dac000 0x3f2790000]
04-23 11:32:19.927 11223 11246 W Parcel  : Expecting binder but got null!
04-23 11:32:19.935 11223 11223 D RootViewPicker: Root not ready - waiting: 10ms for one to appear.
04-23 11:32:19.937   629   656 W ziparchive: Unable to open '/data/app/~~ZTxUBaAdHpTYD90ZBbUZ5A==/com.example.dogglers-VtupoAP1vYykPt8Mtrcx3Q==/base.dm': No such file or directory
04-23 11:32:19.938   629   656 I ActivityTaskManager: Displayed com.example.dogglers/.GridListActivity: +204ms
04-23 11:32:19.946 11223 11223 D RootViewPicker: Root not ready - waiting: 25ms for one to appear.
04-23 11:32:19.948   993  1099 W Parcel  : Expecting binder but got null!
04-23 11:32:19.976 11223 11223 D RootViewPicker: Root not ready - waiting: 50ms for one to appear.
04-23 11:32:19.979   993  1099 D EGL_emulation: app_time_stats: avg=57.48ms min=11.53ms max=497.77ms count=18
04-23 11:32:19.980  1756  1756 I GoogleInputMethodService: GoogleInputMethodService.onFinishInput():3220
04-23 11:32:19.981  1756  1756 I GoogleInputMethodService: GoogleInputMethodService.updateDeviceLockedStatus():2114 repeatCheckTimes = 0, unlocked = true
04-23 11:32:19.981  1756  1756 I GoogleInputMethodService: GoogleInputMethodService.onStartInput():1919 onStartInput(EditorInfo{inputType=0x0(NULL) imeOptions=0x0 privateImeOptions=null actionName=UNSPECIFIED actionLabel=null actionId=0 initialSelStart=-1 initialSelEnd=-1 initialCapsMode=0x0 hintText=null label=null packageName=com.example.dogglers fieldId=-1 fieldName=null extras=null}, false)
04-23 11:32:19.982  1756  1756 I GoogleInputMethodService: GoogleInputMethodService.updateDeviceLockedStatus():2114 repeatCheckTimes = 2, unlocked = true
04-23 11:32:19.982   993  1099 D EGL_emulation: app_time_stats: avg=12.87ms min=0.86ms max=38.07ms count=57
04-23 11:32:19.990   438   485 W TransactionTracing: Could not find layer handle 0x74d657b09dd0
04-23 11:32:20.029 11223 11223 I ViewInteraction: Checking 'MatchesViewAssertion{viewMatcher=(view has effective visibility <VISIBLE> and view.getGlobalVisibleRect() to return non-empty rectangle)}' assertion on view an instance of android.widget.TextView and view.getText() with or without transformation to match: is "Tzeitel"
04-23 11:32:20.033 11223 11223 I ViewInteraction: Checking 'MatchesViewAssertion{viewMatcher=(view has effective visibility <VISIBLE> and view.getGlobalVisibleRect() to return non-empty rectangle)}' assertion on view an instance of android.widget.TextView and view.getText() with or without transformation to match: is "Age: 7"
04-23 11:32:20.041 11223 11223 I ViewInteraction: Checking 'MatchesViewAssertion{viewMatcher=(view has effective visibility <VISIBLE> and view.getGlobalVisibleRect() to return non-empty rectangle)}' assertion on view an instance of android.widget.TextView and view.getText() with or without transformation to match: is "Hobbies: sunbathing"
04-23 11:32:20.072   438   485 W TransactionTracing: Could not find layer handle 0x74d657b0ecf0
04-23 11:32:20.251  2458  5112 I PBSessionCacheImpl: Deleted sessionId[10812080509643439] from persistence.
04-23 11:32:20.258  2458  2798 W SearchServiceCore: Abort, client detached.
04-23 11:32:20.259   438   485 W TransactionTracing: Could not find layer handle 0x74d657b10610
04-23 11:32:20.264 11223 11223 I ViewInteraction: Checking 'MatchesViewAssertion{viewMatcher=(view has effective visibility <VISIBLE> and view.getGlobalVisibleRect() to return non-empty rectangle)}' assertion on view has drawable resource 2131165345
04-23 11:32:20.276   438   485 W TransactionTracing: Could not find layer handle 0x74d657b0aeb0
04-23 11:32:20.281 11223 11223 D LifecycleMonitor: Lifecycle status change: com.example.dogglers.GridListActivity@e6f0acd in: PAUSED
04-23 11:32:20.282 11223 11223 V ActivityScenario: Update currentActivityStage to PAUSED, currentActivity=com.example.dogglers.GridListActivity@e6f0acd
04-23 11:32:20.290 11223 11223 D LifecycleMonitor: Lifecycle status change: androidx.test.core.app.InstrumentationActivityInvoker$EmptyActivity@1d2a211 in: PRE_ON_CREATE
04-23 11:32:20.290 11223 11223 V ActivityScenario: Activity lifecycle changed event received but ignored because the intent does not match. startActivityIntent=Intent { act=android.intent.action.MAIN cat=[android.intent.category.LAUNCHER] cmp=com.example.dogglers/.GridListActivity }, activity.getIntent()=Intent { act=android.intent.action.MAIN cat=[android.intent.category.LAUNCHER] flg=0x10000000 cmp=com.example.dogglers/androidx.test.core.app.InstrumentationActivityInvoker$EmptyActivity }, activity=androidx.test.core.app.InstrumentationActivityInvoker$EmptyActivity@1d2a211
04-23 11:32:20.295 11223 11223 D LifecycleMonitor: Lifecycle status change: androidx.test.core.app.InstrumentationActivityInvoker$EmptyActivity@1d2a211 in: CREATED
04-23 11:32:20.295 11223 11223 V ActivityScenario: Activity lifecycle changed event received but ignored because the intent does not match. startActivityIntent=Intent { act=android.intent.action.MAIN cat=[android.intent.category.LAUNCHER] cmp=com.example.dogglers/.GridListActivity }, activity.getIntent()=Intent { act=android.intent.action.MAIN cat=[android.intent.category.LAUNCHER] flg=0x10000000 cmp=com.example.dogglers/androidx.test.core.app.InstrumentationActivityInvoker$EmptyActivity }, activity=androidx.test.core.app.InstrumentationActivityInvoker$EmptyActivity@1d2a211
04-23 11:32:20.296 11223 11223 D LifecycleMonitor: Lifecycle status change: androidx.test.core.app.InstrumentationActivityInvoker$EmptyActivity@1d2a211 in: STARTED
04-23 11:32:20.296 11223 11223 V ActivityScenario: Activity lifecycle changed event received but ignored because the intent does not match. startActivityIntent=Intent { act=android.intent.action.MAIN cat=[android.intent.category.LAUNCHER] cmp=com.example.dogglers/.GridListActivity }, activity.getIntent()=Intent { act=android.intent.action.MAIN cat=[android.intent.category.LAUNCHER] flg=0x10000000 cmp=com.example.dogglers/androidx.test.core.app.InstrumentationActivityInvoker$EmptyActivity }, activity=androidx.test.core.app.InstrumentationActivityInvoker$EmptyActivity@1d2a211
04-23 11:32:20.298 11223 11223 D LifecycleMonitor: Lifecycle status change: androidx.test.core.app.InstrumentationActivityInvoker$EmptyActivity@1d2a211 in: RESUMED
04-23 11:32:20.299 11223 11223 V ActivityScenario: Activity lifecycle changed event received but ignored because the intent does not match. startActivityIntent=Intent { act=android.intent.action.MAIN cat=[android.intent.category.LAUNCHER] cmp=com.example.dogglers/.GridListActivity }, activity.getIntent()=Intent { act=android.intent.action.MAIN cat=[android.intent.category.LAUNCHER] flg=0x10000000 cmp=com.example.dogglers/androidx.test.core.app.InstrumentationActivityInvoker$EmptyActivity }, activity=androidx.test.core.app.InstrumentationActivityInvoker$EmptyActivity@1d2a211
04-23 11:32:20.316   629  1057 W InputManager-JNI: Input channel object 'be613a0 Splash Screen com.example.dogglers (client)' was disposed without first being removed with the input manager!
04-23 11:32:20.317   415   415 D goldfish-address-space: claimShared: Ask to claim region [0x3e92fc000 0x3e9ce0000]
04-23 11:32:20.319   415   415 D goldfish-address-space: claimShared: Ask to claim region [0x3e9ce0000 0x3ea6c4000]
04-23 11:32:20.322   415   415 D goldfish-address-space: claimShared: Ask to claim region [0x3ee790000 0x3ef174000]
04-23 11:32:20.322   438   485 W TransactionTracing: Could not find layer handle 0x74d657b0e390
04-23 11:32:20.323   438   485 W TransactionTracing: Could not find layer handle 0x74d657b0fd10
04-23 11:32:20.323   438   485 W TransactionTracing: Could not find layer handle 0x74d657b0e390
04-23 11:32:20.324 11223 11246 W Parcel  : Expecting binder but got null!
04-23 11:32:20.327   629   656 I ActivityTaskManager: Displayed com.example.dogglers/androidx.test.core.app.InstrumentationActivityInvoker$EmptyActivity: +58ms
04-23 11:32:20.335 11223 11223 D LifecycleMonitor: Lifecycle status change: com.example.dogglers.GridListActivity@e6f0acd in: STOPPED
04-23 11:32:20.336 11223 11223 V ActivityScenario: Update currentActivityStage to STOPPED, currentActivity=com.example.dogglers.GridListActivity@e6f0acd
04-23 11:32:20.337 11223 11223 D LifecycleMonitor: Lifecycle status change: com.example.dogglers.GridListActivity@e6f0acd in: DESTROYED
04-23 11:32:20.337 11223 11223 V ActivityScenario: Update currentActivityStage to DESTROYED, currentActivity=null
04-23 11:32:20.347   629  1057 W InputManager-JNI: Input channel object 'c795b88 com.example.dogglers/com.example.dogglers.GridListActivity (client)' was disposed without first being removed with the input manager!
04-23 11:32:20.352 11223 11223 D LifecycleMonitor: Lifecycle status change: androidx.test.core.app.InstrumentationActivityInvoker$EmptyActivity@1d2a211 in: PAUSED
04-23 11:32:20.353 11223 11223 V ActivityScenario: Activity lifecycle changed event received but ignored because the intent does not match. startActivityIntent=Intent { act=android.intent.action.MAIN cat=[android.intent.category.LAUNCHER] cmp=com.example.dogglers/.GridListActivity }, activity.getIntent()=Intent { act=android.intent.action.MAIN cat=[android.intent.category.LAUNCHER] flg=0x10000000 cmp=com.example.dogglers/androidx.test.core.app.InstrumentationActivityInvoker$EmptyActivity }, activity=androidx.test.core.app.InstrumentationActivityInvoker$EmptyActivity@1d2a211
04-23 11:32:20.355   438   485 W TransactionTracing: Could not find layer handle 0x74d657b125f0
04-23 11:32:20.355   438   485 W TransactionTracing: Could not find layer handle 0x74d657b15110
04-23 11:32:20.355   438   485 W TransactionTracing: Could not find layer handle 0x74d657b114b0
04-23 11:32:20.366  1756  1756 I GoogleInputMethodService: GoogleInputMethodService.onFinishInput():3220
04-23 11:32:20.368 11223 11223 D LifecycleMonitor: Lifecycle status change: androidx.test.core.app.InstrumentationActivityInvoker$BootstrapActivity@85ce1ff in: DESTROYED
04-23 11:32:20.368 11223 11223 V ActivityScenario: Activity lifecycle changed event received but ignored because the intent does not match. startActivityIntent=Intent { act=android.intent.action.MAIN cat=[android.intent.category.LAUNCHER] cmp=com.example.dogglers/.GridListActivity }, activity.getIntent()=Intent { act=android.intent.action.MAIN cat=[android.intent.category.LAUNCHER] flg=0x10008000 cmp=com.example.dogglers/androidx.test.core.app.InstrumentationActivityInvoker$BootstrapActivity (has extras) }, activity=androidx.test.core.app.InstrumentationActivityInvoker$BootstrapActivity@85ce1ff
04-23 11:32:20.372  1756  1756 I GoogleInputMethodService: GoogleInputMethodService.updateDeviceLockedStatus():2114 repeatCheckTimes = 0, unlocked = true
04-23 11:32:20.372  1756  1756 I GoogleInputMethodService: GoogleInputMethodService.onStartInput():1919 onStartInput(EditorInfo{inputType=0x0(NULL) imeOptions=0x0 privateImeOptions=null actionName=UNSPECIFIED actionLabel=null actionId=0 initialSelStart=-1 initialSelEnd=-1 initialCapsMode=0x0 hintText=null label=null packageName=com.example.dogglers fieldId=-1 fieldName=null extras=null}, false)
04-23 11:32:20.374  1756  1756 I GoogleInputMethodService: GoogleInputMethodService.updateDeviceLockedStatus():2114 repeatCheckTimes = 2, unlocked = true
04-23 11:32:20.374   438   485 W TransactionTracing: Could not find layer handle 0x74d657b12d10
04-23 11:32:20.375   438   485 W TransactionTracing: Could not find layer handle 0x74d657b12530
04-23 11:32:20.375   438   485 W TransactionTracing: Could not find layer handle 0x74d657b0c6b0
04-23 11:32:20.378 11223 11223 D LifecycleMonitor: Lifecycle status change: androidx.test.core.app.InstrumentationActivityInvoker$EmptyActivity@8f3181 in: PRE_ON_CREATE
04-23 11:32:20.378 11223 11223 V ActivityScenario: Activity lifecycle changed event received but ignored because the intent does not match. startActivityIntent=Intent { act=android.intent.action.MAIN cat=[android.intent.category.LAUNCHER] cmp=com.example.dogglers/.GridListActivity }, activity.getIntent()=Intent { act=android.intent.action.MAIN cat=[android.intent.category.LAUNCHER] flg=0x10000000 cmp=com.example.dogglers/androidx.test.core.app.InstrumentationActivityInvoker$EmptyActivity }, activity=androidx.test.core.app.InstrumentationActivityInvoker$EmptyActivity@8f3181
04-23 11:32:20.386 11223 11223 D LifecycleMonitor: Lifecycle status change: androidx.test.core.app.InstrumentationActivityInvoker$EmptyActivity@8f3181 in: CREATED
04-23 11:32:20.387 11223 11223 V ActivityScenario: Activity lifecycle changed event received but ignored because the intent does not match. startActivityIntent=Intent { act=android.intent.action.MAIN cat=[android.intent.category.LAUNCHER] cmp=com.example.dogglers/.GridListActivity }, activity.getIntent()=Intent { act=android.intent.action.MAIN cat=[android.intent.category.LAUNCHER] flg=0x10000000 cmp=com.example.dogglers/androidx.test.core.app.InstrumentationActivityInvoker$EmptyActivity }, activity=androidx.test.core.app.InstrumentationActivityInvoker$EmptyActivity@8f3181
04-23 11:32:20.390 11223 11223 D LifecycleMonitor: Lifecycle status change: androidx.test.core.app.InstrumentationActivityInvoker$EmptyActivity@8f3181 in: STARTED
04-23 11:32:20.391 11223 11223 V ActivityScenario: Activity lifecycle changed event received but ignored because the intent does not match. startActivityIntent=Intent { act=android.intent.action.MAIN cat=[android.intent.category.LAUNCHER] cmp=com.example.dogglers/.GridListActivity }, activity.getIntent()=Intent { act=android.intent.action.MAIN cat=[android.intent.category.LAUNCHER] flg=0x10000000 cmp=com.example.dogglers/androidx.test.core.app.InstrumentationActivityInvoker$EmptyActivity }, activity=androidx.test.core.app.InstrumentationActivityInvoker$EmptyActivity@8f3181
04-23 11:32:20.394 11223 11223 D LifecycleMonitor: Lifecycle status change: androidx.test.core.app.InstrumentationActivityInvoker$EmptyActivity@8f3181 in: RESUMED
04-23 11:32:20.394 11223 11223 V ActivityScenario: Activity lifecycle changed event received but ignored because the intent does not match. startActivityIntent=Intent { act=android.intent.action.MAIN cat=[android.intent.category.LAUNCHER] cmp=com.example.dogglers/.GridListActivity }, activity.getIntent()=Intent { act=android.intent.action.MAIN cat=[android.intent.category.LAUNCHER] flg=0x10000000 cmp=com.example.dogglers/androidx.test.core.app.InstrumentationActivityInvoker$EmptyActivity }, activity=androidx.test.core.app.InstrumentationActivityInvoker$EmptyActivity@8f3181
04-23 11:32:20.431   415   415 D goldfish-address-space: claimShared: Ask to claim region [0x3eb0a8000 0x3eba8c000]
04-23 11:32:20.455   415   415 D goldfish-address-space: claimShared: Ask to claim region [0x3ec000000 0x3ec9e4000]
04-23 11:32:20.457   415   415 D goldfish-address-space: claimShared: Ask to claim region [0x3ec9e4000 0x3ed3c8000]
04-23 11:32:20.460 11223 11246 W Parcel  : Expecting binder but got null!
04-23 11:32:20.465   629   656 I ActivityTaskManager: Displayed com.example.dogglers/androidx.test.core.app.InstrumentationActivityInvoker$EmptyActivity: +128ms
04-23 11:32:20.471 11223 11223 D LifecycleMonitor: Lifecycle status change: androidx.test.core.app.InstrumentationActivityInvoker$EmptyActivity@1d2a211 in: STOPPED
04-23 11:32:20.472 11223 11223 V ActivityScenario: Activity lifecycle changed event received but ignored because the intent does not match. startActivityIntent=Intent { act=android.intent.action.MAIN cat=[android.intent.category.LAUNCHER] cmp=com.example.dogglers/.GridListActivity }, activity.getIntent()=Intent { act=android.intent.action.MAIN cat=[android.intent.category.LAUNCHER] flg=0x10000000 cmp=com.example.dogglers/androidx.test.core.app.InstrumentationActivityInvoker$EmptyActivity }, activity=androidx.test.core.app.InstrumentationActivityInvoker$EmptyActivity@1d2a211
04-23 11:32:20.480   415   415 D goldfish-address-space: claimShared: Ask to claim region [0x3ed3c8000 0x3eda1c000]
04-23 11:32:20.505 11223 11223 D LifecycleMonitor: Lifecycle status change: androidx.test.core.app.InstrumentationActivityInvoker$EmptyActivity@1d2a211 in: DESTROYED
04-23 11:32:20.505 11223 11223 V ActivityScenario: Activity lifecycle changed event received but ignored because the intent does not match. startActivityIntent=Intent { act=android.intent.action.MAIN cat=[android.intent.category.LAUNCHER] cmp=com.example.dogglers/.GridListActivity }, activity.getIntent()=Intent { act=android.intent.action.MAIN cat=[android.intent.category.LAUNCHER] flg=0x10000000 cmp=com.example.dogglers/androidx.test.core.app.InstrumentationActivityInvoker$EmptyActivity }, activity=androidx.test.core.app.InstrumentationActivityInvoker$EmptyActivity@1d2a211
04-23 11:32:20.509  1756  1756 I GoogleInputMethodService: GoogleInputMethodService.onFinishInput():3220
04-23 11:32:20.510  1756  1756 I GoogleInputMethodService: GoogleInputMethodService.updateDeviceLockedStatus():2114 repeatCheckTimes = 0, unlocked = true
04-23 11:32:20.510  1756  1756 I GoogleInputMethodService: GoogleInputMethodService.onStartInput():1919 onStartInput(EditorInfo{inputType=0x0(NULL) imeOptions=0x0 privateImeOptions=null actionName=UNSPECIFIED actionLabel=null actionId=0 initialSelStart=-1 initialSelEnd=-1 initialCapsMode=0x0 hintText=null label=null packageName=com.example.dogglers fieldId=-1 fieldName=null extras=null}, false)
04-23 11:32:20.513  1756  1756 I GoogleInputMethodService: GoogleInputMethodService.updateDeviceLockedStatus():2114 repeatCheckTimes = 2, unlocked = true
04-23 11:32:20.514   629  1792 W InputManager-JNI: Input channel object 'be6ccfb com.example.dogglers/androidx.test.core.app.InstrumentationActivityInvoker$EmptyActivity (client)' was disposed without first being removed with the input manager!
04-23 11:32:20.522 11223 11223 D LifecycleMonitor: Lifecycle status change: androidx.test.core.app.InstrumentationActivityInvoker$EmptyActivity@8f3181 in: PAUSED
04-23 11:32:20.524 11223 11223 V ActivityScenario: Activity lifecycle changed event received but ignored because the intent does not match. startActivityIntent=Intent { act=android.intent.action.MAIN cat=[android.intent.category.LAUNCHER] cmp=com.example.dogglers/.GridListActivity }, activity.getIntent()=Intent { act=android.intent.action.MAIN cat=[android.intent.category.LAUNCHER] flg=0x10000000 cmp=com.example.dogglers/androidx.test.core.app.InstrumentationActivityInvoker$EmptyActivity }, activity=androidx.test.core.app.InstrumentationActivityInvoker$EmptyActivity@8f3181
04-23 11:32:20.524   438   485 W TransactionTracing: Could not find layer handle 0x74d657b110f0
04-23 11:32:20.525   438   485 W TransactionTracing: Could not find layer handle 0x74d657b0e9f0
04-23 11:32:20.525   438   485 W TransactionTracing: Could not find layer handle 0x74d657b14990
04-23 11:32:20.537  1193  1527 D BtGatt.ScanManager: uid 10104 isForeground true scanMode -1
04-23 11:32:20.537  1193  1527 D BtGatt.ScanManager: uid 10104 isForeground true scanMode -1
04-23 11:32:20.542 11223 11244 I TestRunner: finished: grid_list_content_at_first_position(com.example.dogglers.GridListTests)
