04-23 11:32:18.827 11223 11244 I TestRunner: started: grid_list_content_at_last_position(com.example.dogglers.GridListTests)
04-23 11:32:18.832 11223 11244 W Settings: Setting always_finish_activities has moved from android.provider.Settings.System to android.provider.Settings.Global, returning read-only value.
04-23 11:32:18.845   993  1085 D SplashScreenView: Build android.window.SplashScreenView{e59d4e V.E...... ......ID 0,0-0,0}
04-23 11:32:18.845   993  1085 D SplashScreenView: Icon: view: null drawable: null size: 0
04-23 11:32:18.845   993  1085 D SplashScreenView: Branding: view: android.view.View{5ee6f G.ED..... ......I. 0,0-0,0 #10204db android:id/splashscreen_branding_view} drawable: null size w: 0 h: 0
04-23 11:32:18.856 11223 11223 D LifecycleMonitor: Lifecycle status change: androidx.test.core.app.InstrumentationActivityInvoker$BootstrapActivity@3acabfd in: PRE_ON_CREATE
04-23 11:32:18.857 11223 11223 V ActivityScenario: Activity lifecycle changed event received but ignored because the intent does not match. startActivityIntent=Intent { act=android.intent.action.MAIN cat=[android.intent.category.LAUNCHER] cmp=com.example.dogglers/.GridListActivity }, activity.getIntent()=Intent { act=android.intent.action.MAIN cat=[android.intent.category.LAUNCHER] flg=0x10008000 cmp=com.example.dogglers/androidx.test.core.app.InstrumentationActivityInvoker$BootstrapActivity (has extras) }, activity=androidx.test.core.app.InstrumentationActivityInvoker$BootstrapActivity@3acabfd
04-23 11:32:18.862 11223 11223 D LifecycleMonitor: Lifecycle status change: androidx.test.core.app.InstrumentationActivityInvoker$BootstrapActivity@3acabfd in: CREATED
04-23 11:32:18.863 11223 11223 V ActivityScenario: Activity lifecycle changed event received but ignored because the intent does not match. startActivityIntent=Intent { act=android.intent.action.MAIN cat=[android.intent.category.LAUNCHER] cmp=com.example.dogglers/.GridListActivity }, activity.getIntent()=Intent { act=android.intent.action.MAIN cat=[android.intent.category.LAUNCHER] flg=0x10008000 cmp=com.example.dogglers/androidx.test.core.app.InstrumentationActivityInvoker$BootstrapActivity (has extras) }, activity=androidx.test.core.app.InstrumentationActivityInvoker$BootstrapActivity@3acabfd
04-23 11:32:18.864   415   447 D goldfish-address-space: claimShared: Ask to claim region [0x3ea070000 0x3eaa54000]
04-23 11:32:18.865 11223 11223 D LifecycleMonitor: Lifecycle status change: androidx.test.core.app.InstrumentationActivityInvoker$BootstrapActivity@3acabfd in: STARTED
04-23 11:32:18.865 11223 11223 V ActivityScenario: Activity lifecycle changed event received but ignored because the intent does not match. startActivityIntent=Intent { act=android.intent.action.MAIN cat=[android.intent.category.LAUNCHER] cmp=com.example.dogglers/.GridListActivity }, activity.getIntent()=Intent { act=android.intent.action.MAIN cat=[android.intent.category.LAUNCHER] flg=0x10008000 cmp=com.example.dogglers/androidx.test.core.app.InstrumentationActivityInvoker$BootstrapActivity (has extras) }, activity=androidx.test.core.app.InstrumentationActivityInvoker$BootstrapActivity@3acabfd
04-23 11:32:18.866   415   447 D goldfish-address-space: claimShared: Ask to claim region [0x3ed3c8000 0x3eddac000]
04-23 11:32:18.869   415   447 D goldfish-address-space: claimShared: Ask to claim region [0x3eddac000 0x3ee790000]
04-23 11:32:18.869   993  1099 W Parcel  : Expecting binder but got null!
04-23 11:32:18.873   438   485 W TransactionTracing: Could not find layer id -1
04-23 11:32:18.873   438   485 W TransactionTracing: Could not find layer id -1
04-23 11:32:18.873   438   485 W TransactionTracing: Could not find layer id -1
04-23 11:32:18.873   438   485 W TransactionTracing: Could not find layer id -1
04-23 11:32:18.873   438   485 W TransactionTracing: Could not find layer id -1
04-23 11:32:18.873   438   485 W TransactionTracing: Could not find layer id -1
04-23 11:32:18.873   438   485 W TransactionTracing: Could not find layer id -1
04-23 11:32:18.874 11223 11223 D LifecycleMonitor: Lifecycle status change: androidx.test.core.app.InstrumentationActivityInvoker$BootstrapActivity@3acabfd in: RESUMED
04-23 11:32:18.875 11223 11223 V ActivityScenario: Activity lifecycle changed event received but ignored because the intent does not match. startActivityIntent=Intent { act=android.intent.action.MAIN cat=[android.intent.category.LAUNCHER] cmp=com.example.dogglers/.GridListActivity }, activity.getIntent()=Intent { act=android.intent.action.MAIN cat=[android.intent.category.LAUNCHER] flg=0x10008000 cmp=com.example.dogglers/androidx.test.core.app.InstrumentationActivityInvoker$BootstrapActivity (has extras) }, activity=androidx.test.core.app.InstrumentationActivityInvoker$BootstrapActivity@3acabfd
04-23 11:32:18.880 11223 11223 D LifecycleMonitor: Lifecycle status change: androidx.test.core.app.InstrumentationActivityInvoker$BootstrapActivity@3acabfd in: PAUSED
04-23 11:32:18.880 11223 11223 V ActivityScenario: Activity lifecycle changed event received but ignored because the intent does not match. startActivityIntent=Intent { act=android.intent.action.MAIN cat=[android.intent.category.LAUNCHER] cmp=com.example.dogglers/.GridListActivity }, activity.getIntent()=Intent { act=android.intent.action.MAIN cat=[android.intent.category.LAUNCHER] flg=0x10008000 cmp=com.example.dogglers/androidx.test.core.app.InstrumentationActivityInvoker$BootstrapActivity (has extras) }, activity=androidx.test.core.app.InstrumentationActivityInvoker$BootstrapActivity@3acabfd
04-23 11:32:18.894 11223 11223 D LifecycleMonitor: Lifecycle status change: com.example.dogglers.GridListActivity@21567bb in: PRE_ON_CREATE
04-23 11:32:18.895 11223 11223 V ActivityScenario: Activity lifecycle changed event received but ignored because the reported transition was not ON_CREATE while the last known transition was PRE_ON_CREATE
04-23 11:32:18.906 11223 11223 D LifecycleMonitor: Lifecycle status change: com.example.dogglers.GridListActivity@21567bb in: CREATED
04-23 11:32:18.907 11223 11223 V ActivityScenario: Update currentActivityStage to CREATED, currentActivity=com.example.dogglers.GridListActivity@21567bb
04-23 11:32:18.909 11223 11223 D LifecycleMonitor: Lifecycle status change: com.example.dogglers.GridListActivity@21567bb in: STARTED
04-23 11:32:18.910 11223 11223 V ActivityScenario: Update currentActivityStage to STARTED, currentActivity=com.example.dogglers.GridListActivity@21567bb
04-23 11:32:18.911 11223 11223 D LifecycleMonitor: Lifecycle status change: com.example.dogglers.GridListActivity@21567bb in: RESUMED
04-23 11:32:18.911 11223 11223 V ActivityScenario: Update currentActivityStage to RESUMED, currentActivity=com.example.dogglers.GridListActivity@21567bb
04-23 11:32:18.931   415   447 D goldfish-address-space: claimShared: Ask to claim region [0x3e8ca8000 0x3e968c000]
04-23 11:32:18.933   415   447 D goldfish-address-space: claimShared: Ask to claim region [0x3ee790000 0x3ef174000]
04-23 11:32:18.934   415   447 D goldfish-address-space: claimShared: Ask to claim region [0x3f13c8000 0x3f1dac000]
04-23 11:32:18.944   993  1099 D EGL_emulation: app_time_stats: avg=63.79ms min=14.80ms max=469.70ms count=18
04-23 11:32:18.977   993  1099 D EGL_emulation: app_time_stats: avg=11.35ms min=1.07ms max=32.61ms count=59
04-23 11:32:18.993 11223 11246 W Parcel  : Expecting binder but got null!
04-23 11:32:18.999   629   656 W ziparchive: Unable to open '/data/app/~~ZTxUBaAdHpTYD90ZBbUZ5A==/com.example.dogglers-VtupoAP1vYykPt8Mtrcx3Q==/base.dm': No such file or directory
04-23 11:32:19.000   629   656 I ActivityTaskManager: Displayed com.example.dogglers/.GridListActivity: +161ms
04-23 11:32:19.002 11223 11223 D RootViewPicker: Root not ready - waiting: 10ms for one to appear.
04-23 11:32:19.010   438   485 W TransactionTracing: Could not find layer handle 0x74d657b06a10
04-23 11:32:19.010   438   485 W TransactionTracing: Could not find layer handle 0x74d657b06a10
04-23 11:32:19.014  1756  1756 I GoogleInputMethodService: GoogleInputMethodService.onFinishInput():3220
04-23 11:32:19.015  1756  1756 I GoogleInputMethodService: GoogleInputMethodService.updateDeviceLockedStatus():2114 repeatCheckTimes = 0, unlocked = true
04-23 11:32:19.015  1756  1756 I GoogleInputMethodService: GoogleInputMethodService.onStartInput():1919 onStartInput(EditorInfo{inputType=0x0(NULL) imeOptions=0x0 privateImeOptions=null actionName=UNSPECIFIED actionLabel=null actionId=0 initialSelStart=-1 initialSelEnd=-1 initialCapsMode=0x0 hintText=null label=null packageName=com.example.dogglers fieldId=-1 fieldName=null extras=null}, false)
04-23 11:32:19.015  1756  1756 I GoogleInputMethodService: GoogleInputMethodService.updateDeviceLockedStatus():2114 repeatCheckTimes = 2, unlocked = true
04-23 11:32:19.025   438   485 W TransactionTracing: Could not find layer handle 0x74d657b09e30
04-23 11:32:19.045 11223 11223 I ViewInteraction: Performing 'scroll RecyclerView to position: 5' action on view view.getId() is <2131230934/com.example.dogglers:id/grid_recycler_view>
04-23 11:32:19.062 11223 11223 I ViewInteraction: Checking 'MatchesViewAssertion{viewMatcher=(view has effective visibility <VISIBLE> and view.getGlobalVisibleRect() to return non-empty rectangle)}' assertion on view an instance of android.widget.TextView and view.getText() with or without transformation to match: is "Bella"
04-23 11:32:19.078 11223 11223 D LifecycleMonitor: Lifecycle status change: com.example.dogglers.GridListActivity@21567bb in: PAUSED
04-23 11:32:19.078 11223 11223 V ActivityScenario: Update currentActivityStage to PAUSED, currentActivity=com.example.dogglers.GridListActivity@21567bb
04-23 11:32:19.087 11223 11223 D LifecycleMonitor: Lifecycle status change: androidx.test.core.app.InstrumentationActivityInvoker$EmptyActivity@87e776c in: PRE_ON_CREATE
04-23 11:32:19.087 11223 11223 V ActivityScenario: Activity lifecycle changed event received but ignored because the intent does not match. startActivityIntent=Intent { act=android.intent.action.MAIN cat=[android.intent.category.LAUNCHER] cmp=com.example.dogglers/.GridListActivity }, activity.getIntent()=Intent { act=android.intent.action.MAIN cat=[android.intent.category.LAUNCHER] flg=0x10000000 cmp=com.example.dogglers/androidx.test.core.app.InstrumentationActivityInvoker$EmptyActivity }, activity=androidx.test.core.app.InstrumentationActivityInvoker$EmptyActivity@87e776c
04-23 11:32:19.095 11223 11223 D LifecycleMonitor: Lifecycle status change: androidx.test.core.app.InstrumentationActivityInvoker$EmptyActivity@87e776c in: CREATED
04-23 11:32:19.096 11223 11223 V ActivityScenario: Activity lifecycle changed event received but ignored because the intent does not match. startActivityIntent=Intent { act=android.intent.action.MAIN cat=[android.intent.category.LAUNCHER] cmp=com.example.dogglers/.GridListActivity }, activity.getIntent()=Intent { act=android.intent.action.MAIN cat=[android.intent.category.LAUNCHER] flg=0x10000000 cmp=com.example.dogglers/androidx.test.core.app.InstrumentationActivityInvoker$EmptyActivity }, activity=androidx.test.core.app.InstrumentationActivityInvoker$EmptyActivity@87e776c
04-23 11:32:19.097 11223 11223 D LifecycleMonitor: Lifecycle status change: androidx.test.core.app.InstrumentationActivityInvoker$EmptyActivity@87e776c in: STARTED
04-23 11:32:19.097 11223 11223 V ActivityScenario: Activity lifecycle changed event received but ignored because the intent does not match. startActivityIntent=Intent { act=android.intent.action.MAIN cat=[android.intent.category.LAUNCHER] cmp=com.example.dogglers/.GridListActivity }, activity.getIntent()=Intent { act=android.intent.action.MAIN cat=[android.intent.category.LAUNCHER] flg=0x10000000 cmp=com.example.dogglers/androidx.test.core.app.InstrumentationActivityInvoker$EmptyActivity }, activity=androidx.test.core.app.InstrumentationActivityInvoker$EmptyActivity@87e776c
04-23 11:32:19.099 11223 11223 D LifecycleMonitor: Lifecycle status change: androidx.test.core.app.InstrumentationActivityInvoker$EmptyActivity@87e776c in: RESUMED
04-23 11:32:19.100 11223 11223 V ActivityScenario: Activity lifecycle changed event received but ignored because the intent does not match. startActivityIntent=Intent { act=android.intent.action.MAIN cat=[android.intent.category.LAUNCHER] cmp=com.example.dogglers/.GridListActivity }, activity.getIntent()=Intent { act=android.intent.action.MAIN cat=[android.intent.category.LAUNCHER] flg=0x10000000 cmp=com.example.dogglers/androidx.test.core.app.InstrumentationActivityInvoker$EmptyActivity }, activity=androidx.test.core.app.InstrumentationActivityInvoker$EmptyActivity@87e776c
04-23 11:32:19.117   415   447 D goldfish-address-space: claimShared: Ask to claim region [0x3f1dac000 0x3f2790000]
04-23 11:32:19.118   415   447 D goldfish-address-space: claimShared: Ask to claim region [0x3f2790000 0x3f3174000]
04-23 11:32:19.120   415   447 D goldfish-address-space: claimShared: Ask to claim region [0x3f3174000 0x3f3b58000]
04-23 11:32:19.125 11223 11246 W Parcel  : Expecting binder but got null!
04-23 11:32:19.129   629   656 I ActivityTaskManager: Displayed com.example.dogglers/androidx.test.core.app.InstrumentationActivityInvoker$EmptyActivity: +60ms
04-23 11:32:19.147 11223 11223 D LifecycleMonitor: Lifecycle status change: androidx.test.core.app.InstrumentationActivityInvoker$EmptyActivity@87e776c in: PAUSED
04-23 11:32:19.147 11223 11223 V ActivityScenario: Activity lifecycle changed event received but ignored because the intent does not match. startActivityIntent=Intent { act=android.intent.action.MAIN cat=[android.intent.category.LAUNCHER] cmp=com.example.dogglers/.GridListActivity }, activity.getIntent()=Intent { act=android.intent.action.MAIN cat=[android.intent.category.LAUNCHER] flg=0x10000000 cmp=com.example.dogglers/androidx.test.core.app.InstrumentationActivityInvoker$EmptyActivity }, activity=androidx.test.core.app.InstrumentationActivityInvoker$EmptyActivity@87e776c
04-23 11:32:19.154  1756  1756 I GoogleInputMethodService: GoogleInputMethodService.onFinishInput():3220
04-23 11:32:19.155  1756  1756 I GoogleInputMethodService: GoogleInputMethodService.updateDeviceLockedStatus():2114 repeatCheckTimes = 0, unlocked = true
04-23 11:32:19.155  1756  1756 I GoogleInputMethodService: GoogleInputMethodService.onStartInput():1919 onStartInput(EditorInfo{inputType=0x0(NULL) imeOptions=0x0 privateImeOptions=null actionName=UNSPECIFIED actionLabel=null actionId=0 initialSelStart=-1 initialSelEnd=-1 initialCapsMode=0x0 hintText=null label=null packageName=com.example.dogglers fieldId=-1 fieldName=null extras=null}, false)
04-23 11:32:19.156  1756  1756 I GoogleInputMethodService: GoogleInputMethodService.updateDeviceLockedStatus():2114 repeatCheckTimes = 2, unlocked = true
04-23 11:32:19.163 11223 11223 D LifecycleMonitor: Lifecycle status change: androidx.test.core.app.InstrumentationActivityInvoker$EmptyActivity@f6dfe9 in: PRE_ON_CREATE
04-23 11:32:19.163 11223 11223 V ActivityScenario: Activity lifecycle changed event received but ignored because the intent does not match. startActivityIntent=Intent { act=android.intent.action.MAIN cat=[android.intent.category.LAUNCHER] cmp=com.example.dogglers/.GridListActivity }, activity.getIntent()=Intent { act=android.intent.action.MAIN cat=[android.intent.category.LAUNCHER] flg=0x10000000 cmp=com.example.dogglers/androidx.test.core.app.InstrumentationActivityInvoker$EmptyActivity }, activity=androidx.test.core.app.InstrumentationActivityInvoker$EmptyActivity@f6dfe9
04-23 11:32:19.169 11223 11223 D LifecycleMonitor: Lifecycle status change: androidx.test.core.app.InstrumentationActivityInvoker$EmptyActivity@f6dfe9 in: CREATED
04-23 11:32:19.169 11223 11223 V ActivityScenario: Activity lifecycle changed event received but ignored because the intent does not match. startActivityIntent=Intent { act=android.intent.action.MAIN cat=[android.intent.category.LAUNCHER] cmp=com.example.dogglers/.GridListActivity }, activity.getIntent()=Intent { act=android.intent.action.MAIN cat=[android.intent.category.LAUNCHER] flg=0x10000000 cmp=com.example.dogglers/androidx.test.core.app.InstrumentationActivityInvoker$EmptyActivity }, activity=androidx.test.core.app.InstrumentationActivityInvoker$EmptyActivity@f6dfe9
04-23 11:32:19.170 11223 11223 D LifecycleMonitor: Lifecycle status change: androidx.test.core.app.InstrumentationActivityInvoker$EmptyActivity@f6dfe9 in: STARTED
04-23 11:32:19.170 11223 11223 V ActivityScenario: Activity lifecycle changed event received but ignored because the intent does not match. startActivityIntent=Intent { act=android.intent.action.MAIN cat=[android.intent.category.LAUNCHER] cmp=com.example.dogglers/.GridListActivity }, activity.getIntent()=Intent { act=android.intent.action.MAIN cat=[android.intent.category.LAUNCHER] flg=0x10000000 cmp=com.example.dogglers/androidx.test.core.app.InstrumentationActivityInvoker$EmptyActivity }, activity=androidx.test.core.app.InstrumentationActivityInvoker$EmptyActivity@f6dfe9
04-23 11:32:19.173   629   660 W InputManager-JNI: Input channel object 'cd9ae54 Splash Screen com.example.dogglers (client)' was disposed without first being removed with the input manager!
04-23 11:32:19.173 11223 11223 D LifecycleMonitor: Lifecycle status change: androidx.test.core.app.InstrumentationActivityInvoker$EmptyActivity@f6dfe9 in: RESUMED
04-23 11:32:19.173 11223 11223 V ActivityScenario: Activity lifecycle changed event received but ignored because the intent does not match. startActivityIntent=Intent { act=android.intent.action.MAIN cat=[android.intent.category.LAUNCHER] cmp=com.example.dogglers/.GridListActivity }, activity.getIntent()=Intent { act=android.intent.action.MAIN cat=[android.intent.category.LAUNCHER] flg=0x10000000 cmp=com.example.dogglers/androidx.test.core.app.InstrumentationActivityInvoker$EmptyActivity }, activity=androidx.test.core.app.InstrumentationActivityInvoker$EmptyActivity@f6dfe9
04-23 11:32:19.191   438   485 W TransactionTracing: Could not find layer handle 0x74d657b0e6f0
04-23 11:32:19.194   415   447 D goldfish-address-space: claimShared: Ask to claim region [0x3eb0a8000 0x3eba8c000]
04-23 11:32:19.197   415   447 D goldfish-address-space: claimShared: Ask to claim region [0x3ec000000 0x3ec9e4000]
04-23 11:32:19.198   415   447 D goldfish-address-space: claimShared: Ask to claim region [0x3f4000000 0x3f49e4000]
04-23 11:32:19.202 11223 11246 W Parcel  : Expecting binder but got null!
04-23 11:32:19.208   438   485 W TransactionTracing: Could not find layer handle 0x74d657b0ddf0
04-23 11:32:19.210   629   656 I ActivityTaskManager: Displayed com.example.dogglers/androidx.test.core.app.InstrumentationActivityInvoker$EmptyActivity: +73ms
04-23 11:32:19.218  2458  5346 I PBSessionCacheImpl: Deleted sessionId[10812080509643438] from persistence.
04-23 11:32:19.220  2458  2798 W SearchServiceCore: Abort, client detached.
04-23 11:32:19.229 11223 11223 D LifecycleMonitor: Lifecycle status change: androidx.test.core.app.InstrumentationActivityInvoker$EmptyActivity@87e776c in: STOPPED
04-23 11:32:19.229 11223 11223 V ActivityScenario: Activity lifecycle changed event received but ignored because the intent does not match. startActivityIntent=Intent { act=android.intent.action.MAIN cat=[android.intent.category.LAUNCHER] cmp=com.example.dogglers/.GridListActivity }, activity.getIntent()=Intent { act=android.intent.action.MAIN cat=[android.intent.category.LAUNCHER] flg=0x10000000 cmp=com.example.dogglers/androidx.test.core.app.InstrumentationActivityInvoker$EmptyActivity }, activity=androidx.test.core.app.InstrumentationActivityInvoker$EmptyActivity@87e776c
04-23 11:32:19.233 11223 11223 D LifecycleMonitor: Lifecycle status change: com.example.dogglers.GridListActivity@21567bb in: STOPPED
04-23 11:32:19.233 11223 11223 V ActivityScenario: Update currentActivityStage to STOPPED, currentActivity=com.example.dogglers.GridListActivity@21567bb
04-23 11:32:19.234 11223 11223 D LifecycleMonitor: Lifecycle status change: com.example.dogglers.GridListActivity@21567bb in: DESTROYED
04-23 11:32:19.235 11223 11223 V ActivityScenario: Update currentActivityStage to DESTROYED, currentActivity=null
04-23 11:32:19.237   629  2909 W InputManager-JNI: Input channel object '86729fa com.example.dogglers/com.example.dogglers.GridListActivity (client)' was disposed without first being removed with the input manager!
04-23 11:32:19.240 11223 11223 D LifecycleMonitor: Lifecycle status change: androidx.test.core.app.InstrumentationActivityInvoker$BootstrapActivity@3acabfd in: STOPPED
04-23 11:32:19.240 11223 11223 V ActivityScenario: Activity lifecycle changed event received but ignored because the intent does not match. startActivityIntent=Intent { act=android.intent.action.MAIN cat=[android.intent.category.LAUNCHER] cmp=com.example.dogglers/.GridListActivity }, activity.getIntent()=Intent { act=android.intent.action.MAIN cat=[android.intent.category.LAUNCHER] flg=0x10008000 cmp=com.example.dogglers/androidx.test.core.app.InstrumentationActivityInvoker$BootstrapActivity (has extras) }, activity=androidx.test.core.app.InstrumentationActivityInvoker$BootstrapActivity@3acabfd
04-23 11:32:19.241 11223 11223 D LifecycleMonitor: Lifecycle status change: androidx.test.core.app.InstrumentationActivityInvoker$BootstrapActivity@3acabfd in: DESTROYED
04-23 11:32:19.242 11223 11223 V ActivityScenario: Activity lifecycle changed event received but ignored because the intent does not match. startActivityIntent=Intent { act=android.intent.action.MAIN cat=[android.intent.category.LAUNCHER] cmp=com.example.dogglers/.GridListActivity }, activity.getIntent()=Intent { act=android.intent.action.MAIN cat=[android.intent.category.LAUNCHER] flg=0x10008000 cmp=com.example.dogglers/androidx.test.core.app.InstrumentationActivityInvoker$BootstrapActivity (has extras) }, activity=androidx.test.core.app.InstrumentationActivityInvoker$BootstrapActivity@3acabfd
04-23 11:32:19.249  1756  1756 I GoogleInputMethodService: GoogleInputMethodService.onFinishInput():3220
04-23 11:32:19.250  1756  1756 I GoogleInputMethodService: GoogleInputMethodService.updateDeviceLockedStatus():2114 repeatCheckTimes = 0, unlocked = true
04-23 11:32:19.250  1756  1756 I GoogleInputMethodService: GoogleInputMethodService.onStartInput():1919 onStartInput(EditorInfo{inputType=0x0(NULL) imeOptions=0x0 privateImeOptions=null actionName=UNSPECIFIED actionLabel=null actionId=0 initialSelStart=-1 initialSelEnd=-1 initialCapsMode=0x0 hintText=null label=null packageName=com.example.dogglers fieldId=-1 fieldName=null extras=null}, false)
04-23 11:32:19.250  1756  1756 I GoogleInputMethodService: GoogleInputMethodService.updateDeviceLockedStatus():2114 repeatCheckTimes = 2, unlocked = true
04-23 11:32:19.256   415   447 D goldfish-address-space: claimShared: Ask to claim region [0x3e8ca8000 0x3e92fc000]
04-23 11:32:19.259   438   485 W TransactionTracing: Could not find layer handle 0x74d657b0d1f0
04-23 11:32:19.270 11223 11223 D LifecycleMonitor: Lifecycle status change: androidx.test.core.app.InstrumentationActivityInvoker$EmptyActivity@87e776c in: DESTROYED
04-23 11:32:19.270 11223 11223 V ActivityScenario: Activity lifecycle changed event received but ignored because the intent does not match. startActivityIntent=Intent { act=android.intent.action.MAIN cat=[android.intent.category.LAUNCHER] cmp=com.example.dogglers/.GridListActivity }, activity.getIntent()=Intent { act=android.intent.action.MAIN cat=[android.intent.category.LAUNCHER] flg=0x10000000 cmp=com.example.dogglers/androidx.test.core.app.InstrumentationActivityInvoker$EmptyActivity }, activity=androidx.test.core.app.InstrumentationActivityInvoker$EmptyActivity@87e776c
04-23 11:32:19.278   629  1057 W InputManager-JNI: Input channel object 'b19ba4e com.example.dogglers/androidx.test.core.app.InstrumentationActivityInvoker$EmptyActivity (client)' was disposed without first being removed with the input manager!
04-23 11:32:19.286 11223 11223 D LifecycleMonitor: Lifecycle status change: androidx.test.core.app.InstrumentationActivityInvoker$EmptyActivity@f6dfe9 in: PAUSED
04-23 11:32:19.286 11223 11223 V ActivityScenario: Activity lifecycle changed event received but ignored because the intent does not match. startActivityIntent=Intent { act=android.intent.action.MAIN cat=[android.intent.category.LAUNCHER] cmp=com.example.dogglers/.GridListActivity }, activity.getIntent()=Intent { act=android.intent.action.MAIN cat=[android.intent.category.LAUNCHER] flg=0x10000000 cmp=com.example.dogglers/androidx.test.core.app.InstrumentationActivityInvoker$EmptyActivity }, activity=androidx.test.core.app.InstrumentationActivityInvoker$EmptyActivity@f6dfe9
04-23 11:32:19.291   438   485 W TransactionTracing: Could not find layer handle 0x74d657b0e030
04-23 11:32:19.292   438   485 W TransactionTracing: Could not find layer handle 0x74d657b15c50
04-23 11:32:19.298 11223 11244 I TestRunner: finished: grid_list_content_at_last_position(com.example.dogglers.GridListTests)
